// Jest Snapshot v1, https://goo.gl/fbAQLP

exports[`ReactInspect component should render properly 1`] = `
<pre>
  {
  "foo": "bar"
}
</pre>
`;
